// Jest Snapshot v1, https://goo.gl/fbAQLP

exports[`ControlledForm should match he snapshot 1`] = `ShallowWrapper {}`;
